// Jest Snapshot v1, https://goo.gl/fbAQLP

exports[`Spinner should render the component 1`] = `
<DocumentFragment>
  <div
    class="grid grid-cols-5 gap-3 animate-pulse"
    data-testid="loader"
  >
    <div
      class="bg-gray-200 grid content-start"
    />
    <div
      class="bg-gray-200 col-span-4 jobs-info-container h-screen overflow-scroll scroll-smooth"
    />
  </div>
</DocumentFragment>
`;
